Calculating task graph as no cached configuration is available for tasks: :composeApp:compileDebugKotlinAndroid
Configuration cache entry stored.
.\gradlew.bat : 
строка:1 знак:1
+ .\gradlew.bat :composeApp:compileDebugKotlinAndroid 
> build_output.tx ...
+ ~~~~~~~~~~~~~~~~~~~~~~~~~~~~~~~~~~~~~~~~~~~~~~~~~~~~~
~~~~~~~~~~~~~~~~
    + CategoryInfo          : NotSpecified: (:String)  
   [], RemoteException
    + FullyQualifiedErrorId : NativeCommandError
 
FAILURE: Build failed with an exception.

* What went wrong:
25.0.1

* Try:
> Run with --stacktrace option to get the stack trace.
> Run with --info or --debug option to get more log 
output.
> Run with --scan to get full insights.
> Get more help at https://help.gradle.org.

BUILD FAILED in 577ms
